2025/09/20 14:42:20 [emerg] 1#1: invalid variable name in /etc/nginx/conf.d/default.conf:16
2025/09/20 14:54:11 [emerg] 1#1: invalid variable name in /etc/nginx/conf.d/default.conf:16
2025/09/20 14:58:23 [emerg] 1#1: invalid variable name in /etc/nginx/conf.d/default.conf:16
2025/09/20 15:07:06 [notice] 1#1: using the "epoll" event method
2025/09/20 15:07:06 [notice] 1#1: nginx/1.28.0
2025/09/20 15:07:06 [notice] 1#1: built by gcc 14.2.0 (Alpine 14.2.0) 
2025/09/20 15:07:06 [notice] 1#1: OS: Linux 6.10.14-linuxkit
2025/09/20 15:07:06 [notice] 1#1: getrlimit(RLIMIT_NOFILE): 1048576:1048576
2025/09/20 15:07:06 [notice] 1#1: start worker processes
2025/09/20 15:07:06 [notice] 1#1: start worker process 21
2025/09/20 15:07:06 [notice] 1#1: start worker process 22
2025/09/20 15:07:06 [notice] 1#1: start worker process 23
2025/09/20 15:07:06 [notice] 1#1: start worker process 24
2025/09/20 15:07:06 [notice] 1#1: start worker process 25
2025/09/20 15:07:06 [notice] 1#1: start worker process 26
2025/09/20 15:07:06 [notice] 1#1: start worker process 27
2025/09/20 15:07:06 [notice] 1#1: start worker process 28
2025/09/20 15:14:37 [notice] 1#1: signal 3 (SIGQUIT) received, shutting down
2025/09/20 15:14:37 [notice] 21#21: gracefully shutting down
2025/09/20 15:14:37 [notice] 21#21: exiting
2025/09/20 15:14:37 [notice] 24#24: gracefully shutting down
2025/09/20 15:14:37 [notice] 21#21: exit
2025/09/20 15:14:37 [notice] 23#23: gracefully shutting down
2025/09/20 15:14:37 [notice] 23#23: exiting
2025/09/20 15:14:37 [notice] 22#22: gracefully shutting down
2025/09/20 15:14:37 [notice] 22#22: exiting
2025/09/20 15:14:37 [notice] 25#25: gracefully shutting down
2025/09/20 15:14:37 [notice] 27#27: gracefully shutting down
2025/09/20 15:14:37 [notice] 27#27: exiting
2025/09/20 15:14:37 [notice] 26#26: gracefully shutting down
2025/09/20 15:14:37 [notice] 27#27: exit
2025/09/20 15:14:37 [notice] 28#28: gracefully shutting down
2025/09/20 15:14:37 [notice] 24#24: exiting
2025/09/20 15:14:37 [notice] 23#23: exit
2025/09/20 15:14:37 [notice] 24#24: exit
2025/09/20 15:14:37 [notice] 22#22: exit
2025/09/20 15:14:37 [notice] 25#25: exiting
2025/09/20 15:14:37 [notice] 26#26: exiting
2025/09/20 15:14:37 [notice] 28#28: exiting
2025/09/20 15:14:37 [notice] 26#26: exit
2025/09/20 15:14:37 [notice] 25#25: exit
2025/09/20 15:14:37 [notice] 28#28: exit
2025/09/20 15:14:37 [notice] 1#1: signal 17 (SIGCHLD) received from 27
2025/09/20 15:14:37 [notice] 1#1: worker process 23 exited with code 0
2025/09/20 15:14:37 [notice] 1#1: worker process 27 exited with code 0
2025/09/20 15:14:37 [notice] 1#1: signal 29 (SIGIO) received
2025/09/20 15:14:37 [notice] 1#1: signal 17 (SIGCHLD) received from 21
2025/09/20 15:14:37 [notice] 1#1: worker process 21 exited with code 0
2025/09/20 15:14:37 [notice] 1#1: worker process 22 exited with code 0
2025/09/20 15:14:37 [notice] 1#1: worker process 24 exited with code 0
2025/09/20 15:14:37 [notice] 1#1: worker process 25 exited with code 0
2025/09/20 15:14:37 [notice] 1#1: worker process 26 exited with code 0
2025/09/20 15:14:37 [notice] 1#1: worker process 28 exited with code 0
2025/09/20 15:14:37 [notice] 1#1: exit
2025/09/20 15:50:10 [notice] 1#1: using the "epoll" event method
2025/09/20 15:50:10 [notice] 1#1: nginx/1.28.0
2025/09/20 15:50:10 [notice] 1#1: built by gcc 14.2.0 (Alpine 14.2.0) 
2025/09/20 15:50:10 [notice] 1#1: OS: Linux 6.10.14-linuxkit
2025/09/20 15:50:10 [notice] 1#1: getrlimit(RLIMIT_NOFILE): 1048576:1048576
2025/09/20 15:50:10 [notice] 1#1: start worker processes
2025/09/20 15:50:10 [notice] 1#1: start worker process 21
2025/09/20 15:50:10 [notice] 1#1: start worker process 22
2025/09/20 15:50:10 [notice] 1#1: start worker process 23
2025/09/20 15:50:10 [notice] 1#1: start worker process 24
2025/09/20 15:50:10 [notice] 1#1: start worker process 25
2025/09/20 15:50:10 [notice] 1#1: start worker process 26
2025/09/20 15:50:10 [notice] 1#1: start worker process 27
2025/09/20 15:50:10 [notice] 1#1: start worker process 28
2025/09/20 16:06:16 [notice] 1#1: signal 3 (SIGQUIT) received, shutting down
2025/09/20 16:06:16 [notice] 21#21: gracefully shutting down
2025/09/20 16:06:16 [notice] 21#21: exiting
2025/09/20 16:06:16 [notice] 24#24: gracefully shutting down
2025/09/20 16:06:16 [notice] 24#24: exiting
2025/09/20 16:06:16 [notice] 22#22: gracefully shutting down
2025/09/20 16:06:16 [notice] 22#22: exiting
2025/09/20 16:06:16 [notice] 23#23: gracefully shutting down
2025/09/20 16:06:16 [notice] 23#23: exiting
2025/09/20 16:06:16 [notice] 26#26: gracefully shutting down
2025/09/20 16:06:16 [notice] 26#26: exiting
2025/09/20 16:06:16 [notice] 28#28: gracefully shutting down
2025/09/20 16:06:16 [notice] 28#28: exiting
2025/09/20 16:06:16 [notice] 25#25: gracefully shutting down
2025/09/20 16:06:16 [notice] 25#25: exiting
2025/09/20 16:06:16 [notice] 27#27: gracefully shutting down
2025/09/20 16:06:16 [notice] 25#25: exit
2025/09/20 16:06:16 [notice] 21#21: exit
2025/09/20 16:06:16 [notice] 24#24: exit
2025/09/20 16:06:16 [notice] 22#22: exit
2025/09/20 16:06:16 [notice] 23#23: exit
2025/09/20 16:06:16 [notice] 26#26: exit
2025/09/20 16:06:16 [notice] 28#28: exit
2025/09/20 16:06:16 [notice] 27#27: exiting
2025/09/20 16:06:16 [notice] 27#27: exit
2025/09/20 16:06:16 [notice] 1#1: signal 17 (SIGCHLD) received from 25
2025/09/20 16:06:16 [notice] 1#1: worker process 22 exited with code 0
2025/09/20 16:06:16 [notice] 1#1: worker process 23 exited with code 0
2025/09/20 16:06:16 [notice] 1#1: worker process 25 exited with code 0
2025/09/20 16:06:16 [notice] 1#1: signal 29 (SIGIO) received
2025/09/20 16:06:16 [notice] 1#1: signal 17 (SIGCHLD) received from 22
2025/09/20 16:06:16 [notice] 1#1: signal 17 (SIGCHLD) received from 28
2025/09/20 16:06:16 [notice] 1#1: worker process 24 exited with code 0
2025/09/20 16:06:16 [notice] 1#1: worker process 26 exited with code 0
2025/09/20 16:06:16 [notice] 1#1: worker process 28 exited with code 0
2025/09/20 16:06:16 [notice] 1#1: signal 29 (SIGIO) received
2025/09/20 16:06:16 [notice] 1#1: signal 17 (SIGCHLD) received from 21
2025/09/20 16:06:16 [notice] 1#1: worker process 21 exited with code 0
2025/09/20 16:06:16 [notice] 1#1: worker process 27 exited with code 0
2025/09/20 16:06:16 [notice] 1#1: exit
2025/09/20 16:44:15 [notice] 1#1: using the "epoll" event method
2025/09/20 16:44:15 [notice] 1#1: nginx/1.28.0
2025/09/20 16:44:15 [notice] 1#1: built by gcc 14.2.0 (Alpine 14.2.0) 
2025/09/20 16:44:15 [notice] 1#1: OS: Linux 6.10.14-linuxkit
2025/09/20 16:44:15 [notice] 1#1: getrlimit(RLIMIT_NOFILE): 1048576:1048576
2025/09/20 16:44:15 [notice] 1#1: start worker processes
2025/09/20 16:44:15 [notice] 1#1: start worker process 21
2025/09/20 16:44:15 [notice] 1#1: start worker process 22
2025/09/20 16:44:15 [notice] 1#1: start worker process 23
2025/09/20 16:44:15 [notice] 1#1: start worker process 24
2025/09/20 16:44:15 [notice] 1#1: start worker process 25
2025/09/20 16:44:15 [notice] 1#1: start worker process 26
2025/09/20 16:44:15 [notice] 1#1: start worker process 27
2025/09/20 16:44:15 [notice] 1#1: start worker process 28
2025/09/20 16:44:57 [notice] 1#1: signal 3 (SIGQUIT) received, shutting down
2025/09/20 16:44:57 [notice] 21#21: gracefully shutting down
2025/09/20 16:44:57 [notice] 21#21: exiting
2025/09/20 16:44:57 [notice] 22#22: gracefully shutting down
2025/09/20 16:44:57 [notice] 21#21: exit
2025/09/20 16:44:57 [notice] 23#23: gracefully shutting down
2025/09/20 16:44:57 [notice] 23#23: exiting
2025/09/20 16:44:57 [notice] 24#24: gracefully shutting down
2025/09/20 16:44:57 [notice] 26#26: gracefully shutting down
2025/09/20 16:44:57 [notice] 27#27: gracefully shutting down
2025/09/20 16:44:57 [notice] 28#28: gracefully shutting down
2025/09/20 16:44:57 [notice] 25#25: gracefully shutting down
2025/09/20 16:44:57 [notice] 22#22: exiting
2025/09/20 16:44:57 [notice] 23#23: exit
2025/09/20 16:44:57 [notice] 24#24: exiting
2025/09/20 16:44:57 [notice] 26#26: exiting
2025/09/20 16:44:57 [notice] 24#24: exit
2025/09/20 16:44:57 [notice] 27#27: exiting
2025/09/20 16:44:57 [notice] 28#28: exiting
2025/09/20 16:44:57 [notice] 27#27: exit
2025/09/20 16:44:57 [notice] 25#25: exiting
2025/09/20 16:44:57 [notice] 22#22: exit
2025/09/20 16:44:57 [notice] 26#26: exit
2025/09/20 16:44:57 [notice] 28#28: exit
2025/09/20 16:44:57 [notice] 25#25: exit
2025/09/20 16:44:57 [notice] 1#1: signal 17 (SIGCHLD) received from 22
2025/09/20 16:44:57 [notice] 1#1: worker process 21 exited with code 0
2025/09/20 16:44:57 [notice] 1#1: worker process 22 exited with code 0
2025/09/20 16:44:57 [notice] 1#1: worker process 23 exited with code 0
2025/09/20 16:44:57 [notice] 1#1: worker process 24 exited with code 0
2025/09/20 16:44:57 [notice] 1#1: worker process 26 exited with code 0
2025/09/20 16:44:57 [notice] 1#1: worker process 27 exited with code 0
2025/09/20 16:44:57 [notice] 1#1: signal 29 (SIGIO) received
2025/09/20 16:44:57 [notice] 1#1: signal 17 (SIGCHLD) received from 23
2025/09/20 16:44:57 [notice] 1#1: signal 17 (SIGCHLD) received from 25
2025/09/20 16:44:57 [notice] 1#1: worker process 25 exited with code 0
2025/09/20 16:44:57 [notice] 1#1: worker process 28 exited with code 0
2025/09/20 16:44:57 [notice] 1#1: exit
2025/09/20 16:45:21 [notice] 1#1: using the "epoll" event method
2025/09/20 16:45:21 [notice] 1#1: nginx/1.28.0
2025/09/20 16:45:21 [notice] 1#1: built by gcc 14.2.0 (Alpine 14.2.0) 
2025/09/20 16:45:21 [notice] 1#1: OS: Linux 6.10.14-linuxkit
2025/09/20 16:45:21 [notice] 1#1: getrlimit(RLIMIT_NOFILE): 1048576:1048576
2025/09/20 16:45:21 [notice] 1#1: start worker processes
2025/09/20 16:45:21 [notice] 1#1: start worker process 21
2025/09/20 16:45:21 [notice] 1#1: start worker process 22
2025/09/20 16:45:21 [notice] 1#1: start worker process 23
2025/09/20 16:45:21 [notice] 1#1: start worker process 24
2025/09/20 16:45:21 [notice] 1#1: start worker process 25
2025/09/20 16:45:21 [notice] 1#1: start worker process 26
2025/09/20 16:45:21 [notice] 1#1: start worker process 27
2025/09/20 16:45:21 [notice] 1#1: start worker process 28
2025/09/20 17:35:41 [notice] 1#1: signal 3 (SIGQUIT) received, shutting down
2025/09/20 17:35:41 [notice] 21#21: gracefully shutting down
2025/09/20 17:35:41 [notice] 24#24: gracefully shutting down
2025/09/20 17:35:41 [notice] 25#25: gracefully shutting down
2025/09/20 17:35:41 [notice] 24#24: exiting
2025/09/20 17:35:41 [notice] 28#28: gracefully shutting down
2025/09/20 17:35:41 [notice] 21#21: exiting
2025/09/20 17:35:41 [notice] 22#22: gracefully shutting down
2025/09/20 17:35:41 [notice] 21#21: exit
2025/09/20 17:35:41 [notice] 23#23: gracefully shutting down
2025/09/20 17:35:41 [notice] 26#26: gracefully shutting down
2025/09/20 17:35:41 [notice] 27#27: gracefully shutting down
2025/09/20 17:35:41 [notice] 24#24: exit
2025/09/20 17:35:41 [notice] 28#28: exiting
2025/09/20 17:35:41 [notice] 23#23: exiting
2025/09/20 17:35:41 [notice] 28#28: exit
2025/09/20 17:35:41 [notice] 22#22: exiting
2025/09/20 17:35:41 [notice] 23#23: exit
2025/09/20 17:35:41 [notice] 22#22: exit
2025/09/20 17:35:41 [notice] 26#26: exiting
2025/09/20 17:35:41 [notice] 27#27: exiting
2025/09/20 17:35:41 [notice] 26#26: exit
2025/09/20 17:35:41 [notice] 27#27: exit
2025/09/20 17:35:41 [notice] 1#1: signal 17 (SIGCHLD) received from 23
2025/09/20 17:35:41 [notice] 1#1: worker process 23 exited with code 0
2025/09/20 17:35:41 [notice] 1#1: signal 29 (SIGIO) received
2025/09/20 17:35:41 [notice] 1#1: signal 17 (SIGCHLD) received from 21
2025/09/20 17:35:41 [notice] 1#1: worker process 21 exited with code 0
2025/09/20 17:35:41 [notice] 1#1: worker process 22 exited with code 0
2025/09/20 17:35:41 [notice] 1#1: worker process 27 exited with code 0
2025/09/20 17:35:41 [notice] 1#1: worker process 24 exited with code 0
2025/09/20 17:35:41 [notice] 1#1: worker process 26 exited with code 0
2025/09/20 17:35:41 [notice] 1#1: worker process 28 exited with code 0
2025/09/20 17:35:41 [notice] 1#1: signal 29 (SIGIO) received
2025/09/20 17:35:41 [notice] 1#1: signal 17 (SIGCHLD) received from 27
2026/05/30 07:57:51 [notice] 1#1: using the "epoll" event method
2026/05/30 07:57:51 [notice] 1#1: nginx/1.30.2
2026/05/30 07:57:51 [notice] 1#1: built by gcc 15.2.0 (Alpine 15.2.0) 
2026/05/30 07:57:51 [notice] 1#1: OS: Linux 6.12.65-linuxkit
2026/05/30 07:57:51 [notice] 1#1: getrlimit(RLIMIT_NOFILE): 1048576:1048576
2026/05/30 07:57:51 [notice] 1#1: start worker processes
2026/05/30 07:57:51 [notice] 1#1: start worker process 21
2026/05/30 07:57:51 [notice] 1#1: start worker process 22
2026/05/30 07:57:51 [notice] 1#1: start worker process 23
2026/05/30 07:57:51 [notice] 1#1: start worker process 24
2026/05/30 07:57:51 [notice] 1#1: start worker process 25
2026/05/30 07:57:51 [notice] 1#1: start worker process 26
2026/05/30 07:57:51 [notice] 1#1: start worker process 27
2026/05/30 07:57:51 [notice] 1#1: start worker process 28
2026/05/30 07:57:51 [notice] 1#1: start worker process 29
2026/05/30 07:57:51 [notice] 1#1: start worker process 30
